// Jest Snapshot v1, https://goo.gl/fbAQLP

exports[`Test StyledText Component renders correctly 1`] = `[Function]`;
